// Vitest Snapshot v1, https://vitest.dev/guide/snapshot.html

exports[`ListItem Component > should render correctly 1`] = `
<div>
  <div
    class=" flex flex-col-reverse gap-2 sm:flex-row relative justify-between rounded-md p-3 text-sm/6 transition border border-gray-200 hover:bg-gray-400/20 dark:hover:bg-white/10 my-2"
  >
    <div
      class="flex flex-col w-full "
    >
      <p
        class="font-semibold text-lg text-black dark:text-white mb-0"
      >
        John Doe
      </p>
      <div
        class="w-full border-b  border-gray-100 dark:border-gray-50/30 my-2"
      />
      <span
        class="text-xs text-gray-500 dark:text-white "
      >
        1/23/2025, 8:34:08 PM
      </span>
    </div>
    <div
      class="w-full sm:w-9 flex items-center "
    >
      <i
        class="ri-account-circle-line text-4xl "
      />
    </div>
  </div>
</div>
`;
